2026-04-16 09:25:31,434 [INFO] Строка 1: загружена планета 'Марс'
2026-04-16 09:25:31,434 [INFO] Строка 2: загружена планета 'Юпитер'
2026-04-16 09:25:31,434 [INFO] Строка 3: загружена планета 'Венера'
2026-04-16 09:25:31,435 [INFO] Строка 4: загружена планета 'Земля'
2026-04-16 09:32:11,069 [INFO] Строка 1: загружена планета 'Марс'
2026-04-16 09:32:11,070 [INFO] Строка 2: загружена планета 'Юпитер'
2026-04-16 09:32:11,070 [INFO] Строка 3: загружена планета 'Венера'
2026-04-16 09:32:11,070 [INFO] Строка 4: загружена планета 'Земля'
2026-04-16 09:32:23,404 [WARNING] Validation error: Радиус должен быть числом! | Data: name=ва, type=planeta, radius=ч
2026-04-16 09:33:09,473 [INFO] Строка 1: загружена планета 'Марс'
2026-04-16 09:33:09,473 [INFO] Строка 2: загружена планета 'Юпитер'
2026-04-16 09:33:09,474 [INFO] Строка 3: загружена планета 'Венера'
2026-04-16 09:33:09,474 [INFO] Строка 4: загружена планета 'Земля'
2026-04-16 09:33:24,974 [WARNING] Ошибка: Радиус должен быть числом! | Инф: name=ва, type=planeta, radius=
2026-04-16 09:42:54,869 [INFO] Строка 1: загружена планета 'Марс'
2026-04-16 09:42:54,870 [INFO] Строка 2: загружена планета 'Юпитер'
2026-04-16 09:42:54,870 [INFO] Строка 3: загружена планета 'Венера'
2026-04-16 09:42:54,871 [INFO] Строка 4: загружена планета 'Земля'
2026-04-16 09:44:26,749 [INFO] Строка 1: загружена планета 'Марс'
2026-04-16 09:44:26,749 [INFO] Строка 2: загружена планета 'Юпитер'
2026-04-16 09:44:26,750 [INFO] Строка 3: загружена планета 'Венера'
2026-04-16 09:44:26,750 [INFO] Строка 4: загружена планета 'Земля'
2026-05-06 16:51:24,174 [INFO] Строка 1: загружена планета 'Марс'
2026-05-06 16:51:24,175 [INFO] Строка 2: загружена планета 'Юпитер'
2026-05-06 16:51:24,175 [INFO] Строка 3: загружена планета 'Венера'
2026-05-06 16:51:24,175 [WARNING] Строка 4 пропущена — Отсутствует название планеты | Содержимое: '<<<<<<< HEAD'
2026-05-06 16:51:24,176 [INFO] Строка 5: загружена планета 'Земля'
2026-05-06 16:51:24,176 [WARNING] Строка 6 пропущена — Отсутствует название планеты | Содержимое: '======='
2026-05-06 16:51:24,176 [INFO] Строка 7: загружена планета 'Земля'
2026-05-06 16:51:24,176 [WARNING] Строка 8 пропущена — Отсутствует название планеты | Содержимое: '>>>>>>> 1aa02424c990328f98eff6b8b9fbfd6525a94857'
2026-05-06 16:51:35,124 [INFO] Начало выполнения файла команд: D:/visual cods/Lab3_prog/Lab3_prog/commands.txt
2026-05-06 16:51:35,124 [INFO] ADD: добавлена планета Planet(name='Нептун', type='planeta', radius=24622.0, date='1846.09.23')
2026-05-06 16:51:35,125 [INFO] ADD: добавлена планета Planet(name='Плутон', type='planeta', radius=1188.0, date='1930.02.18')
2026-05-06 16:51:35,125 [INFO] ADD: добавлена планета Planet(name='Сатурн', type='planeta', radius=58232.0, date='1610.07.25')
2026-05-06 16:51:35,125 [INFO] REM radius < 2000: удалено 2 планет
2026-05-06 16:51:35,126 [INFO] Файл result.txt сохранён (6 планет)
2026-05-06 16:51:35,126 [INFO] SAVE: данные сохранены в result.txt
2026-05-06 16:51:35,127 [INFO] Файл команд выполнен: D:/visual cods/Lab3_prog/Lab3_prog/commands.txt
2026-05-06 16:53:46,647 [INFO] Начало выполнения файла команд: D:/visual cods/Lab3_prog/Lab3_prog/commands.txt
2026-05-06 16:53:46,647 [INFO] ADD: добавлена планета Planet(name='Нептун', type='planeta', radius=24622.0, date='1846.09.23')
2026-05-06 16:53:46,647 [INFO] ADD: добавлена планета Planet(name='Плутон', type='planeta', radius=1188.0, date='1930.02.18')
2026-05-06 16:53:46,647 [INFO] ADD: добавлена планета Planet(name='Сатурн', type='planeta', radius=58232.0, date='1610.07.25')
2026-05-06 16:53:46,648 [INFO] REM radius < 2000: удалено 1 планет
2026-05-06 16:53:46,649 [INFO] Файл result.txt сохранён (8 планет)
2026-05-06 16:53:46,649 [INFO] SAVE: данные сохранены в result.txt
2026-05-06 16:53:46,649 [INFO] Файл команд выполнен: D:/visual cods/Lab3_prog/Lab3_prog/commands.txt
2026-05-06 16:54:23,304 [INFO] Начало выполнения файла команд: D:/visual cods/Lab3_prog/Lab3_prog/commands.txt
2026-05-06 16:54:23,305 [INFO] ADD: добавлена планета Planet(name='Нептун', type='planeta', radius=24622.0, date='1846.09.23')
2026-05-06 16:54:23,305 [INFO] ADD: добавлена планета Planet(name='Плутон', type='planeta', radius=1188.0, date='1930.02.18')
2026-05-06 16:54:23,305 [INFO] ADD: добавлена планета Planet(name='Сатурн', type='planeta', radius=58232.0, date='1610.07.25')
2026-05-06 16:54:23,306 [INFO] REM radius < 2000: удалено 1 планет
2026-05-06 16:54:23,306 [INFO] Файл result.txt сохранён (10 планет)
2026-05-06 16:54:23,307 [INFO] SAVE: данные сохранены в result.txt
2026-05-06 16:54:23,308 [INFO] Файл команд выполнен: D:/visual cods/Lab3_prog/Lab3_prog/commands.txt
2026-05-06 16:55:15,969 [INFO] Начало выполнения файла команд: D:/visual cods/Lab3_prog/Lab3_prog/commands.txt
2026-05-06 16:55:15,969 [INFO] ADD: добавлена планета Planet(name='Нептун', type='planeta', radius=24622.0, date='1846.09.23')
2026-05-06 16:55:15,969 [INFO] ADD: добавлена планета Planet(name='Плутон', type='planeta', radius=1188.0, date='1930.02.18')
2026-05-06 16:55:15,970 [INFO] ADD: добавлена планета Planet(name='Сатурн', type='planeta', radius=58232.0, date='1610.07.25')
2026-05-06 16:55:15,970 [INFO] REM radius < 2000: удалено 1 планет
2026-05-06 16:55:15,971 [INFO] Файл result.txt сохранён (12 планет)
2026-05-06 16:55:15,971 [INFO] SAVE: данные сохранены в result.txt
2026-05-06 16:55:15,971 [INFO] Файл команд выполнен: D:/visual cods/Lab3_prog/Lab3_prog/commands.txt
2026-05-06 16:55:22,365 [INFO] Удалена планета: Planet(name='Нептун', type='planeta', radius=24622.0, date='1846.09.23')
2026-05-06 16:55:22,366 [INFO] Файл planets.txt сохранён (11 планет)
2026-05-06 16:55:24,877 [INFO] Удалена планета: Planet(name='Нептун', type='planeta', radius=24622.0, date='1846.09.23')
2026-05-06 16:55:24,879 [INFO] Файл planets.txt сохранён (10 планет)
2026-05-06 16:55:26,052 [INFO] Удалена планета: Planet(name='Сатурн', type='planeta', radius=58232.0, date='1610.07.25')
2026-05-06 16:55:26,053 [INFO] Файл planets.txt сохранён (9 планет)
2026-05-06 16:55:27,358 [INFO] Удалена планета: Planet(name='Сатурн', type='planeta', radius=58232.0, date='1610.07.25')
2026-05-06 16:55:27,359 [INFO] Файл planets.txt сохранён (8 планет)
2026-05-06 16:55:28,685 [INFO] Удалена планета: Planet(name='Сатурн', type='planeta', radius=58232.0, date='1610.07.25')
2026-05-06 16:55:28,686 [INFO] Файл planets.txt сохранён (7 планет)
2026-05-06 16:55:29,914 [INFO] Удалена планета: Planet(name='Нептун', type='planeta', radius=24622.0, date='1846.09.23')
2026-05-06 16:55:29,915 [INFO] Файл planets.txt сохранён (6 планет)
2026-05-06 16:55:31,178 [INFO] Удалена планета: Planet(name='Нептун', type='planeta', radius=24622.0, date='1846.09.23')
2026-05-06 16:55:31,179 [INFO] Файл planets.txt сохранён (5 планет)
2026-05-06 16:55:32,448 [INFO] Удалена планета: Planet(name='Сатурн', type='planeta', radius=58232.0, date='1610.07.25')
2026-05-06 16:55:32,449 [INFO] Файл planets.txt сохранён (4 планет)
2026-05-06 16:55:39,004 [INFO] Строка 1: загружена планета 'Марс'
2026-05-06 16:55:39,005 [INFO] Строка 2: загружена планета 'Юпитер'
2026-05-06 16:55:39,005 [INFO] Строка 3: загружена планета 'Венера'
2026-05-06 16:55:39,005 [INFO] Строка 4: загружена планета 'Земля'
2026-05-06 16:55:48,403 [INFO] Начало выполнения файла команд: D:/visual cods/Lab3_prog/Lab3_prog/commands.txt
2026-05-06 16:55:48,404 [INFO] ADD: добавлена планета Planet(name='Нептун', type='planeta', radius=24622.0, date='1846.09.23')
2026-05-06 16:55:48,404 [INFO] ADD: добавлена планета Planet(name='Плутон', type='planeta', radius=1188.0, date='1930.02.18')
2026-05-06 16:55:48,404 [INFO] ADD: добавлена планета Planet(name='Сатурн', type='planeta', radius=58232.0, date='1610.07.25')
2026-05-06 16:55:48,405 [INFO] REM radius < 2000: удалено 1 планет
2026-05-06 16:55:48,406 [INFO] Файл result.txt сохранён (6 планет)
2026-05-06 16:55:48,406 [INFO] SAVE: данные сохранены в result.txt
2026-05-06 16:55:48,406 [INFO] Файл команд выполнен: D:/visual cods/Lab3_prog/Lab3_prog/commands.txt
2026-05-06 16:57:15,746 [INFO] Строка 1: загружена планета 'Марс'
2026-05-06 16:57:15,746 [INFO] Строка 2: загружена планета 'Юпитер'
2026-05-06 16:57:15,747 [INFO] Строка 3: загружена планета 'Венера'
2026-05-06 16:57:15,747 [INFO] Строка 4: загружена планета 'Земля'
2026-05-06 16:57:25,443 [INFO] Начало выполнения файла команд: D:/visual cods/Lab3_prog/Lab3_prog/commands.txt
2026-05-06 16:57:25,444 [INFO] ADD: добавлена планета Planet(name='Нептун', type='planeta', radius=24622.0, date='1846.09.23')
2026-05-06 16:57:25,444 [INFO] ADD: добавлена планета Planet(name='Плутон', type='planeta', radius=1188.0, date='1930.02.18')
2026-05-06 16:57:25,444 [INFO] ADD: добавлена планета Planet(name='Сатурн', type='planeta', radius=58232.0, date='1610.07.25')
2026-05-06 16:57:25,444 [INFO] REM radius < 2000: удалено 1 планет
2026-05-06 16:57:25,445 [INFO] Файл result.txt сохранён (6 планет)
2026-05-06 16:57:25,445 [INFO] SAVE: данные сохранены в result.txt
2026-05-06 16:57:25,446 [INFO] Файл команд выполнен: D:/visual cods/Lab3_prog/Lab3_prog/commands.txt
2026-05-06 16:57:45,191 [WARNING] Ошибка: Радиус должен быть числом! | Инф: name=Sun, type=planeta, radius=
